0 verbose cli /Users/johnfleurimond/.nvm/versions/node/v20.20.2/bin/node /Users/johnfleurimond/.nvm/versions/node/v20.20.2/bin/npm
1 info using npm@10.8.2
2 info using node@v20.20.2
3 silly config load:file:/Users/johnfleurimond/.nvm/versions/node/v20.20.2/lib/node_modules/npm/npmrc
4 silly config load:file:/Users/johnfleurimond/Documents/IMPORTANT/Code/FantasyFootball/.npmrc
5 silly config load:file:/Users/johnfleurimond/.npmrc
6 silly config load:file:/Users/johnfleurimond/.nvm/versions/node/v20.20.2/etc/npmrc
7 verbose title npm ci
8 verbose argv "ci"
9 verbose logfile logs-max:10 dir:/Users/johnfleurimond/Documents/IMPORTANT/Code/FantasyFootball/.npm-cache/_logs/2026-08-04T03_46_46_296Z-
10 verbose logfile /Users/johnfleurimond/Documents/IMPORTANT/Code/FantasyFootball/.npm-cache/_logs/2026-08-04T03_46_46_296Z-debug-0.log
11 silly packumentCache heap:4345298944 maxSize:1086324736 maxEntrySize:543162368
12 silly logfile done cleaning log files
13 silly idealTree buildDeps
14 verbose stack Error: EPERM: operation not permitted, unlink '/Users/johnfleurimond/Documents/IMPORTANT/Code/FantasyFootball/node_modules/strnum/.vscode/launch.json'
15 error code EPERM
16 error syscall unlink
17 error path /Users/johnfleurimond/Documents/IMPORTANT/Code/FantasyFootball/node_modules/strnum/.vscode/launch.json
18 error errno -1
19 error [Error: EPERM: operation not permitted, unlink '/Users/johnfleurimond/Documents/IMPORTANT/Code/FantasyFootball/node_modules/strnum/.vscode/launch.json'] {
19 error   errno: -1,
19 error   code: 'EPERM',
19 error   syscall: 'unlink',
19 error   path: '/Users/johnfleurimond/Documents/IMPORTANT/Code/FantasyFootball/node_modules/strnum/.vscode/launch.json'
19 error }
20 error
20 error The operation was rejected by your operating system.
20 error It is likely you do not have the permissions to access this file as the current user
20 error
20 error If you believe this might be a permissions issue, please double-check the
20 error permissions of the file and its containing directories, or try running
20 error the command again as root/Administrator.
21 verbose cwd /Users/johnfleurimond/Documents/IMPORTANT/Code/FantasyFootball
22 verbose os Darwin 25.5.0
23 verbose node v20.20.2
24 verbose npm  v10.8.2
25 verbose exit -1
26 verbose code -1
27 error A complete log of this run can be found in: /Users/johnfleurimond/Documents/IMPORTANT/Code/FantasyFootball/.npm-cache/_logs/2026-08-04T03_46_46_296Z-debug-0.log
